Circuit: * C:\Users\Usuario\OneDrive\Desktop\SintesisDeRedesActivasGit\Laboratorio N°4\TP4_CombinacionFinal.asc

WARNING: Less than two connections to node VOUTC.  This node is used by E1.
Early termination of direct N-R iteration.
Direct Newton iteration failed to find .op point.  (Use ".option noopiter" to skip.)
Starting Gmin stepping
Gmin = 10
vernier = 0.5
vernier = 0.25
vernier = 0.125
vernier = 0.0625
Gmin = 8.61953
vernier = 0.03125
vernier = 0.015625
vernier = 0.0078125
vernier = 0.00390625
Gmin = 8.47038
vernier = 0.00195313
vernier = 0.000976563
vernier = 0.000488281
Gmin = 0
Gmin stepping succeeded in finding the operating point.

.step run=1
.step run=1.9
.step run=2.8
.step run=3.7
.step run=4.6
.step run=5.5
.step run=6.4
.step run=7.3
.step run=8.2
.step run=9.1
.step run=10


Measurement "band_avg" FAIL'ed


Date: Tue Jul 08 00:16:33 2025
Total elapsed time: 2.433 seconds.

tnom = 27
temp = 27
method = trap
totiter = 1376
traniter = 0
tranpoints = 0
accept = 0
rejected = 0
matrix size = 86
fillins = 510
solver = Normal
Matrix Compiler1:    2650 opcodes
Matrix Compiler2: 15.65 KB object code size  1.9/1.4/[0.9]

