Circuit: * D:\Repositorios Git\SRA\Lab 3\Circ 1 - VFA-VFA\Lab_3_Circ_1-Respuesta al escalon 2.asc

WARNING: Specified period is not longer than the sum of Trise, Tfall, and Ton for v_in.  Increasing period to 10
Limiting fall time of source v_in to 1.95399e-015
Early termination of direct N-R iteration.
Direct Newton iteration failed to find .op point.  (Use ".option noopiter" to skip.)
Starting Gmin stepping
Gmin = 10
vernier = 0.5
vernier = 0.25
vernier = 0.125
vernier = 0.0625
Gmin = 8.61953
vernier = 0.03125
vernier = 0.015625
vernier = 0.0078125
vernier = 0.00390625
Gmin = 8.47038
vernier = 0.00195313
vernier = 0.000976563
vernier = 0.000488281
Gmin = 0
Gmin stepping failed

Starting source stepping with srcstepmethod=0
Source Step = 3.0303%
Source Step = 33.3333%
Source Step = 63.6364%
Source Step = 93.9394%
Source stepping succeeded in finding the operating point.


Date: Sun Aug 03 01:37:23 2025
Total elapsed time: 0.138 seconds.

tnom = 27
temp = 27
method = modified trap
totiter = 3758
traniter = 2126
tranpoints = 1064
accept = 1063
rejected = 1
matrix size = 56
fillins = 274
solver = Normal
Matrix Compiler1: 22.59 KB object code size  2.8/1.3/[0.8]
Matrix Compiler2: 9.31 KB object code size  0.6/0.6/[0.3]

