Circuit: * D:\Repositorios Git\SRA\Lab 3\Circ 1 - VFA-VFA\Lab_3_Circ_1-Respuesta al impulso.asc

WARNING: Specified period is not longer than the sum of Trise, Tfall, and Ton for v_in.  Increasing period to 10
Limiting fall time of source v_in to 1.95399e-015
Early termination of direct N-R iteration.
Direct Newton iteration failed to find .op point.  (Use ".option noopiter" to skip.)
Starting Gmin stepping
Gmin = 10
vernier = 0.5
vernier = 0.25
vernier = 0.125
vernier = 0.0625
Gmin = 8.61953
vernier = 0.03125
vernier = 0.015625
vernier = 0.0078125
vernier = 0.00390625
Gmin = 8.47038
vernier = 0.00195313
vernier = 0.000976563
vernier = 0.000488281
Gmin = 0
Gmin stepping failed

Starting source stepping with srcstepmethod=0
Source Step = 3.0303%
Source Step = 33.3333%
Source Step = 63.6364%
Source Step = 93.9394%
Source stepping succeeded in finding the operating point.


Date: Sat Aug 02 20:21:47 2025
Total elapsed time: 0.165 seconds.

tnom = 27
temp = 27
method = modified trap
totiter = 3768
traniter = 2136
tranpoints = 1069
accept = 1067
rejected = 2
matrix size = 56
fillins = 274
solver = Normal
Matrix Compiler1: 22.59 KB object code size  5.7/1.9/[1.2]
Matrix Compiler2: 9.31 KB object code size  1.1/1.0/[0.5]

