Circuit: * D:\Repositorios Git\SRA\Lab 3\Circ 3 - VFA-CFA compensado\Lab_3_Circ_3.asc

Direct Newton iteration failed to find .op point.  (Use ".option noopiter" to skip.)
Starting Gmin stepping
Increasing initial diagonal Gmin to 100
Gmin = 100
vernier = 0.5
vernier = 0.25
vernier = 0.125
Gmin = 49.6485
vernier = 0.0625
vernier = 0.03125
vernier = 0.015625
vernier = 0.0078125
vernier = 0.00390625
Gmin = 50.8031
vernier = 0.00195313
vernier = 0.000976563
vernier = 0.000488281
Gmin = 0
Gmin = 0
Gmin stepping failed

Starting source stepping with srcstepmethod=0
Source Step = 3.0303%
Source Step = 33.3333%
Source Step = 63.6364%
Source Step = 88.6364%
vernier = 0.0625
Source Step = 88.3049%
Source Step = 88.7784%
Source Step = 89.2519%
Source Step = 89.7254%
Source Step = 90.1989%
vernier = 0.0234375
Source Step = 90.8617%
Source Step = 91.572%
Source Step = 92.2822%
Source Step = 92.9924%
Source Step = 93.7027%
vernier = 0.0351563
Source Step = 94.6615%
Source Step = 95.7268%
Source Step = 96.7921%
Source Step = 97.8575%
Source Step = 98.9228%
vernier = 0.0527344
Source stepping succeeded in finding the operating point.


Date: Sat Aug 02 19:10:39 2025
Total elapsed time: 0.110 seconds.

tnom = 27
temp = 27
method = trap
totiter = 2848
traniter = 0
tranpoints = 0
accept = 0
rejected = 0
matrix size = 93
fillins = 299
solver = Normal
Matrix Compiler1:    1192 opcodes
Matrix Compiler2: off  [0.8]/1.6/1.4

