Circuit: * D:\Repositorios Git\SRA\Lab 3\Circ 3 - VFA-CFA compensado\Lab_3_Circ_3 2.asc

Direct Newton iteration failed to find .op point.  (Use ".option noopiter" to skip.)
Starting Gmin stepping
Gmin = 10
vernier = 0.5
vernier = 0.25
vernier = 0.125
Gmin = 6.68666
vernier = 0.0625
vernier = 0.03125
vernier = 0.015625
vernier = 0.0078125
vernier = 0.00390625
Gmin = 6.84217
vernier = 0.00195313
vernier = 0.000976563
vernier = 0.000488281
Gmin = 0
Gmin = 0
Gmin stepping failed

Starting source stepping with srcstepmethod=0
Source Step = 3.0303%
Source Step = 33.3333%
Source Step = 63.6364%
Source Step = 86.3636%
Source Step = 89.2045%
Source Step = 91.0985%
Source Step = 92.9924%
Source Step = 94.8864%
Source Step = 96.7803%
vernier = 0.09375
Source Step = 99.2424%
Source stepping succeeded in finding the operating point.


Date: Sun Aug 03 00:40:11 2025
Total elapsed time: 0.102 seconds.

tnom = 27
temp = 27
method = trap
totiter = 2472
traniter = 0
tranpoints = 0
accept = 0
rejected = 0
matrix size = 93
fillins = 190
solver = Normal
Matrix Compiler1:     753 opcodes
Matrix Compiler2: off  [1.0]/1.3/1.2

