Circuit: * D:\Repositorios Git\SRA\Lab 3\Circ 3 - VFA-CFA compensado\Lab_3_Circ_3-Respuesta al escalon2.asc

WARNING: Specified period is not longer than the sum of Trise, Tfall, and Ton for v_in.  Increasing period to 10
Limiting fall time of source v_in to 1.95399e-015
Direct Newton iteration failed to find .op point.  (Use ".option noopiter" to skip.)
Starting Gmin stepping
Gmin = 10
vernier = 0.5
vernier = 0.25
vernier = 0.125
Gmin = 6.68666
vernier = 0.0625
vernier = 0.03125
vernier = 0.015625
vernier = 0.0078125
vernier = 0.00390625
Gmin = 6.84217
vernier = 0.00195313
vernier = 0.000976563
vernier = 0.000488281
Gmin = 0
Gmin = 0
Gmin stepping failed

Starting source stepping with srcstepmethod=0
Source Step = 3.0303%
Source Step = 33.3333%
Source Step = 63.6364%
Source Step = 86.3636%
Source Step = 87.8906%
Source Step = 87.9202%
Source Step = 87.9498%
Source Step = 87.9794%
Source Step = 88.009%
vernier = 0.00146484
Source Step = 88.043%
Source Step = 88.0874%
Source Step = 88.1318%
Source Step = 88.1762%
Source Step = 88.2206%
vernier = 0.00219727
Source Step = 88.2694%
Source Step = 88.336%
Source Step = 88.4026%
Source Step = 88.4692%
Source Step = 88.5357%
vernier = 0.0032959
Source Step = 88.6057%
Source Step = 88.7055%
Source Step = 88.8054%
Source Step = 88.9053%
Source Step = 89.0052%
Source Step = 89.105%
vernier = 0.00494385
Source Step = 89.2549%
Source Step = 89.4047%
Source Step = 89.5545%
Source Step = 89.7043%
Source Step = 89.8541%
vernier = 0.00741577
Source Step = 90.0713%
Source Step = 90.2961%
Source Step = 90.5208%
Source Step = 90.7455%
Source Step = 90.9702%
vernier = 0.0111237
Source Step = 91.2848%
Source Step = 91.6219%
Source Step = 91.959%
Source Step = 92.2961%
Source Step = 92.6331%
vernier = 0.0166855
Source Step = 93.0882%
Source Step = 93.5938%
Source Step = 94.0994%
Source Step = 94.6051%
Source Step = 95.1107%
vernier = 0.0250282
Source Step = 95.768%
Source Step = 96.5264%
Source Step = 97.2849%
Source Step = 98.0433%
Source Step = 98.8017%
vernier = 0.0375423
Source Step = 99.7498%
Source stepping succeeded in finding the operating point.


Date: Sun Aug 03 00:48:41 2025
Total elapsed time: 0.521 seconds.

tnom = 27
temp = 27
method = modified trap
totiter = 6450
traniter = 2301
tranpoints = 1100
accept = 1089
rejected = 11
matrix size = 93
fillins = 231
solver = Normal
Thread vector: 6.7/3.4[2] 4.3/3.4[2] 7.4/4.7[2] 0.3/0.8[1]  2592/500
Matrix Compiler1: 14.10 KB object code size  3.4/2.4/[0.8]
Matrix Compiler2: 11.89 KB object code size  1.1/1.2/[0.5]

