Circuit: * D:\Repositorios Git\SRA\Lab 3\Circ 2 - VFA-CFA\Lab_3_Circ_2 2.asc

Direct Newton iteration failed to find .op point.  (Use ".option noopiter" to skip.)
Starting Gmin stepping
Gmin = 10
vernier = 0.5
vernier = 0.25
vernier = 0.125
Gmin = 5.35425
vernier = 0.0625
vernier = 0.03125
vernier = 0.015625
vernier = 0.0078125
Gmin = 5.23101
vernier = 0.00390625
vernier = 0.00195313
vernier = 0.000976563
Gmin = 5.2119
vernier = 0.000488281
Gmin = 0
Gmin stepping failed

Starting source stepping with srcstepmethod=0
Source Step = 3.0303%
Source Step = 33.3333%
Source Step = 63.6364%
Source Step = 85.0379%
vernier = 0.015625
Source Step = 84.8722%
Source Step = 84.9018%
Source Step = 84.9313%
Source Step = 84.9609%
Source Step = 84.9905%
vernier = 0.00146484
Source Step = 85.029%
Source Step = 85.0734%
Source Step = 85.1178%
Source Step = 85.1622%
Source Step = 85.2066%
vernier = 0.00219727
Source Step = 85.262%
Source Step = 85.3286%
Source Step = 85.3952%
Source Step = 85.4618%
Source Step = 85.5284%
vernier = 0.0032959
Source Step = 85.6083%
Source Step = 85.7082%
Source Step = 85.808%
Source Step = 85.9079%
Source Step = 86.0078%
vernier = 0.00494385
Source Step = 86.1226%
Source Step = 86.2725%
Source Step = 86.4223%
Source Step = 86.5721%
Source Step = 86.7219%
vernier = 0.00741577
Source Step = 86.8867%
Source Step = 87.1114%
Source Step = 87.3361%
Source Step = 87.5609%
Source Step = 87.7856%
vernier = 0.0111237
Source Step = 88.0215%
Source Step = 88.3586%
Source Step = 88.6957%
Source Step = 89.0328%
Source Step = 89.3698%
Source Step = 89.7069%
vernier = 0.0166855
Source Step = 90.2126%
Source Step = 90.7182%
Source Step = 91.2238%
Source Step = 91.7294%
Source Step = 92.235%
vernier = 0.0250282
Source Step = 92.9682%
Source Step = 93.7266%
Source Step = 94.485%
Source Step = 95.2435%
Source Step = 96.0019%
vernier = 0.0375423
Source Step = 97.0637%
Source Step = 98.2014%
Source Step = 99.339%
Source stepping succeeded in finding the operating point.


Date: Sun Aug 03 14:57:01 2025
Total elapsed time: 0.106 seconds.

tnom = 27
temp = 27
method = trap
totiter = 4040
traniter = 0
tranpoints = 0
accept = 0
rejected = 0
matrix size = 92
fillins = 259
solver = Normal
Matrix Compiler1:    1062 opcodes
Matrix Compiler2: off  [0.7]/1.1/0.7

