Circuit: * H:\Mi unidad\#Facultad\4to\Sintesis de redes activas\2023\Laboratorio\Lab 3\Circ 2 - VFA-CFA\Lab_3_Circ_2.asc

Direct Newton iteration failed to find .op point.  (Use ".option noopiter" to skip.)
Starting Gmin stepping
Gmin = 10
vernier = 0.5
vernier = 0.25
vernier = 0.125
Gmin = 5.35425
vernier = 0.0625
vernier = 0.03125
vernier = 0.015625
vernier = 0.0078125
Gmin = 5.23101
vernier = 0.00390625
vernier = 0.00195313
vernier = 0.000976563
Gmin = 5.2119
vernier = 0.000488281
Gmin = 0
Gmin stepping failed

Starting source stepping with srcstepmethod=0
Source Step = 3.0303%
Source Step = 33.3333%
Source Step = 63.6364%
Source Step = 86.3636%
Source Step = 88.6364%
Source Step = 90.5303%
Source Step = 92.4242%
Source Step = 94.3182%
Source Step = 96.2121%
vernier = 0.09375
Source Step = 98.7689%
Source stepping succeeded in finding the operating point.


Date: Sat Jul 26 23:08:29 2025
Total elapsed time: 0.198 seconds.

tnom = 27
temp = 27
method = trap
totiter = 2396
traniter = 0
tranpoints = 0
accept = 0
rejected = 0
matrix size = 92
fillins = 187
solver = Normal
Matrix Compiler1:     919 opcodes
Matrix Compiler2: off  [0.8]/1.4/0.9

